// Jest Snapshot v1, https://goo.gl/fbAQLP

exports[`ArtistsList matches a snapshot 1`] = `
<p>
  Electric Light Orchestra
</p>
`;
